[backblue.gif]
[fade.gif]
[index.html]
[localhost/restaurant/wp-content/uploads/2021/01/Prepare-dish-image.jpg]
[localhost/restaurant/feed/index.html]
[localhost/restaurant/comments/feed/index.html]
[localhost/restaurant/wp-content/plugins/elementor/assets/lib/font-awesome/js/v4-shims.min94b7.js]
[localhost/restaurant/wp-includes/js/jquery/jquery.minf43b.js]
[localhost/restaurant/wp-includes/js/jquery/jquery-migrate.min5589.js]
[localhost/restaurant/wp-json/index.html]
[localhost/restaurant/wp-json/wp/v2/pages/660.json]
[localhost/restaurant/xmlrpc0db0.php]
[localhost/restaurant/wp-json/oembed/1.0/embed268d.json]
[localhost/restaurant/wp-json/oembed/1.0/embed6072]
[localhost/restaurant/wp-content/uploads/2025/09/Mamas-Kitchen_prev_ui.png]
[localhost/restaurant/wp-content/uploads/2018/09/fork-free-img.png]
[localhost/restaurant/wp-content/uploads/2018/09/frill-free-img.png]
[localhost/restaurant/wp-content/uploads/2018/09/knife-free-imge.png]
[localhost/restaurant/wp-content/uploads/2025/08/pexels-photo-5949888-5949888.jpg]
[localhost/restaurant/wp-content/uploads/2021/03/parcelli.png]
[localhost/restaurant/wp-content/uploads/2025/08/pexels-photo-15352335-15352335.jpg]
[localhost/restaurant/wp-content/uploads/2025/08/pexels-photo-5949894-5949894.jpg]
[localhost/restaurant/wp-content/uploads/2025/08/pexels-photo-15529660-15529660.jpg]
[localhost/restaurant/wp-content/uploads/2025/08/pexels-photo-19968430-19968430.jpg]
[localhost/restaurant/wp-content/uploads/2018/10/pic49-free-img.png]
[localhost/restaurant/wp-content/uploads/2018/10/pic50-free-img.png]
[localhost/restaurant/wp-content/uploads/2018/10/pic51-free-img.png]
[localhost/restaurant/wp-content/themes/astra/assets/js/minified/frontend.min4641.js]
[localhost/restaurant/wp-includes/js/dist/dom-ready.min5346.js]
[localhost/restaurant/wp-content/plugins/astra-sites/inc/lib/onboarding/assets/dist/template-preview/maina11c.js]
[localhost/restaurant/wp-content/plugins/elementor/assets/js/webpack.runtime.min94b7.js]
[localhost/restaurant/wp-content/plugins/elementor/assets/js/frontend-modules.min94b7.js]
[localhost/restaurant/wp-includes/js/jquery/ui/core.minb37e.js]
[localhost/restaurant/wp-content/plugins/elementor/assets/js/frontend.min94b7.js]
[localhost/restaurant/index.html]
[localhost/restaurant/wp-content/themes/astra/assets/css/minified/main.min4641.css]
[localhost/restaurant/wp-content/plugins/header-footer-elementor/inc/widgets-css/frontend8dff.css]
[localhost/restaurant/wp-content/plugins/header-footer-elementor/assets/css/header-footer-elementor8dff.css]
[localhost/restaurant/wp-content/plugins/elementor/assets/lib/eicons/fonts/eicons4518.eot]
[localhost/restaurant/wp-content/plugins/elementor/assets/lib/eicons/fonts/eicons4518.woff2]
[localhost/restaurant/wp-content/plugins/elementor/assets/lib/eicons/fonts/eicons4518.woff]
[localhost/restaurant/wp-content/plugins/elementor/assets/lib/eicons/fonts/eicons4518.ttf]
[localhost/restaurant/wp-content/plugins/elementor/assets/lib/eicons/css/elementor-icons.min2778.css]
[localhost/restaurant/wp-content/plugins/elementor/assets/css/frontend.min94b7.css]
[localhost/restaurant/wp-content/uploads/elementor/css/post-67672f3.css]
[localhost/restaurant/wp-content/plugins/elementor/assets/lib/font-awesome/webfonts/fa-brands-400.eot]
[localhost/restaurant/wp-content/plugins/elementor/assets/lib/font-awesome/webfonts/fa-brands-400.woff2]
[localhost/restaurant/wp-content/plugins/elementor/assets/lib/font-awesome/webfonts/fa-brands-400d41d.eot]
[localhost/restaurant/wp-content/plugins/elementor/assets/lib/font-awesome/webfonts/fa-brands-400.woff]
[localhost/restaurant/wp-content/plugins/elementor/assets/lib/font-awesome/webfonts/fa-brands-400.ttf]
[localhost/restaurant/wp-content/plugins/elementor/assets/lib/font-awesome/webfonts/fa-regular-400.eot]
[localhost/restaurant/wp-content/plugins/elementor/assets/lib/font-awesome/webfonts/fa-regular-400.woff2]
[localhost/restaurant/wp-content/plugins/elementor/assets/lib/font-awesome/webfonts/fa-regular-400d41d.eot]
[localhost/restaurant/wp-content/plugins/elementor/assets/lib/font-awesome/webfonts/fa-regular-400.woff]
[localhost/restaurant/wp-content/plugins/elementor/assets/lib/font-awesome/webfonts/fa-regular-400.ttf]
[localhost/restaurant/wp-content/plugins/elementor/assets/lib/font-awesome/webfonts/fa-solid-900.eot]
[localhost/restaurant/wp-content/plugins/elementor/assets/lib/font-awesome/webfonts/fa-solid-900.woff2]
[localhost/restaurant/wp-content/plugins/elementor/assets/lib/font-awesome/webfonts/fa-solid-900d41d.eot]
[localhost/restaurant/wp-content/plugins/elementor/assets/lib/font-awesome/webfonts/fa-solid-900.woff]
[localhost/restaurant/wp-content/plugins/elementor/assets/lib/font-awesome/webfonts/fa-solid-900.ttf]
[localhost/restaurant/wp-content/plugins/elementor/assets/lib/font-awesome/css/all.min94b7.css]
[localhost/restaurant/wp-content/plugins/elementor/assets/lib/font-awesome/css/v4-shims.min94b7.css]
[localhost/restaurant/wp-content/plugins/elementor/assets/css/widget-image.min94b7.css]
[localhost/restaurant/wp-content/plugins/elementor/assets/lib/animations/styles/slideInDown.min94b7.css]
[localhost/restaurant/wp-content/plugins/elementor/assets/css/widget-heading.min94b7.css]
[localhost/restaurant/wp-content/plugins/elementor/assets/css/widget-divider.min94b7.css]
[localhost/restaurant/wp-content/plugins/elementor/assets/css/widget-icon-box.min94b7.css]
[localhost/restaurant/wp-content/plugins/elementor/assets/lib/animations/styles/e-animation-sink.min94b7.css]
[localhost/restaurant/wp-content/plugins/elementor/assets/css/widget-image-box.min94b7.css]
[localhost/restaurant/wp-content/plugins/elementor/assets/css/widget-social-icons.min94b7.css]
[localhost/restaurant/wp-content/plugins/elementor/assets/css/conditionals/apple-webkit.min94b7.css]
[localhost/restaurant/wp-content/uploads/2025/08/gdac616fff03bd99d26db60951e228897738817cf9fa6d242b52d6bf035226ef9eca9e23aefab85c46b014c36a413d3038d00db91748a1fee2395f2d14dc13af6_1280-5871974.jpg]
[localhost/restaurant/wp-content/uploads/2018/09/pic28-free-img.jpg]
[localhost/restaurant/wp-content/uploads/2025/08/gae55c865e61346733624a43c811d4d084da984b347754e1f1f72ade6255329b818c7cf3e3c62c85e49d9955d3e8be7fa30c8301c1868acfaf52c6296e295d814_1280-2610762.jpg]
[localhost/restaurant/wp-content/uploads/2020/01/dine-out.jpg]
[localhost/restaurant/wp-content/uploads/2025/08/pexels-photo-31412508-31412508.jpg]
[localhost/restaurant/wp-content/uploads/2018/09/quotes2-free-img.png]
[localhost/restaurant/wp-content/uploads/elementor/css/post-6603383.css]
[localhost/restaurant/wp-content/plugins/elementor/assets/lib/eicons/css/elementor-icons.min705c.css]
[localhost/restaurant/wp-content/plugins/elementor/assets/css/widget-icon-list.min44b4.css]
[localhost/restaurant/wp-content/plugins/elementor/assets/css/widget-social-icons.min2401.css]
[localhost/restaurant/wp-content/plugins/elementor/assets/lib/font-awesome/css/brands52d5.css]
[localhost/restaurant/wp-content/plugins/elementor/assets/lib/font-awesome/css/fontawesome52d5.css]
[localhost/restaurant/wp-content/plugins/elementor/assets/lib/font-awesome/css/solid52d5.css]
[localhost/restaurant/wp-content/uploads/elementor/google-fonts/fonts/roboto-aa47213c.woff2]
[localhost/restaurant/wp-content/uploads/elementor/google-fonts/fonts/roboto-60dc2a88.woff2]
[localhost/restaurant/wp-content/uploads/elementor/google-fonts/fonts/roboto-88769a1e.woff2]
[localhost/restaurant/wp-content/uploads/elementor/google-fonts/fonts/roboto-0585f5a7.woff2]
[localhost/restaurant/wp-content/uploads/elementor/google-fonts/fonts/roboto-244686ad.woff2]
[localhost/restaurant/wp-content/uploads/elementor/google-fonts/fonts/roboto-58e5057a.woff2]
[localhost/restaurant/wp-content/uploads/elementor/google-fonts/fonts/roboto-c012394d.woff2]
[localhost/restaurant/wp-content/uploads/elementor/google-fonts/fonts/roboto-b8c55b0e.woff2]
[localhost/restaurant/wp-content/uploads/elementor/google-fonts/fonts/roboto-6fa0783f.woff2]
[localhost/restaurant/wp-content/uploads/elementor/google-fonts/fonts/roboto-1dba1bc2.woff2]
[localhost/restaurant/wp-content/uploads/elementor/google-fonts/fonts/roboto-c4482425.woff2]
[localhost/restaurant/wp-content/uploads/elementor/google-fonts/fonts/roboto-a1dc56af.woff2]
[localhost/restaurant/wp-content/uploads/elementor/google-fonts/fonts/roboto-20c48c4e.woff2]
[localhost/restaurant/wp-content/uploads/elementor/google-fonts/fonts/roboto-3603e9b2.woff2]
[localhost/restaurant/wp-content/uploads/elementor/google-fonts/fonts/roboto-31b09f96.woff2]
[localhost/restaurant/wp-content/uploads/elementor/google-fonts/fonts/roboto-bf5e5259.woff2]
[localhost/restaurant/wp-content/uploads/elementor/google-fonts/fonts/roboto-41d25e69.woff2]
[localhost/restaurant/wp-content/uploads/elementor/google-fonts/fonts/roboto-fb5169d9.woff2]
[localhost/restaurant/wp-content/uploads/elementor/google-fonts/css/roboto2dde.css]
[localhost/restaurant/wp-content/uploads/elementor/google-fonts/fonts/robotoslab-83dfed57.woff2]
[localhost/restaurant/wp-content/uploads/elementor/google-fonts/fonts/robotoslab-f7c1acf8.woff2]
[localhost/restaurant/wp-content/uploads/elementor/google-fonts/fonts/robotoslab-f5125d80.woff2]
[localhost/restaurant/wp-content/uploads/elementor/google-fonts/fonts/robotoslab-7335a6ac.woff2]
[localhost/restaurant/wp-content/uploads/elementor/google-fonts/fonts/robotoslab-a3e20834.woff2]
[localhost/restaurant/wp-content/uploads/elementor/google-fonts/fonts/robotoslab-ecf35e38.woff2]
[localhost/restaurant/wp-content/uploads/elementor/google-fonts/fonts/robotoslab-09b550e6.woff2]
[localhost/restaurant/wp-content/uploads/elementor/google-fonts/css/robotoslab82bb.css]
[localhost/restaurant/wp-content/plugins/elementor/assets/lib/font-awesome/css/fontawesome.min52d5.css]
[localhost/restaurant/wp-content/plugins/elementor/assets/lib/font-awesome/css/solid.min52d5.css]
[localhost/restaurant/wp-content/plugins/elementor/assets/lib/font-awesome/css/brands.min52d5.css]
[localhost/restaurant/wp-json/wp/v2/pages/7.json]
[localhost/restaurant/wp-json/oembed/1.0/embed4722.json]
[localhost/restaurant/wp-json/oembed/1.0/embeda809]
[localhost/restaurant/wp-content/uploads/2025/09/g5c8931944eb098bbb5a1da1c914d600e27acaee079ab78b46b94e9704323096e175ce7e8fa112745982220e4b83d7b215c1f825ed00e0e834f9b5e495fe2d444_1280-8694542.jpg]
[localhost/restaurant/wp-content/uploads/2018/09/divider-free-img.png]
[localhost/restaurant/wp-content/uploads/2025/09/g53d3566fc4d5a33bb881971a7d700d4751eeacbf7ca770dcf1f454252f3a09c115b2091903ece929368316347f0636094193df64e29f60407f70640c4c95f974_1280-2589569.jpg]
[localhost/restaurant/wp-content/uploads/2025/09/pexels-photo-6126961-6126961.jpg]
[localhost/restaurant/wp-content/uploads/2021/03/dumplings.png]
[localhost/restaurant/wp-content/uploads/2021/03/noodles.png]
[localhost/restaurant/wp-content/uploads/2021/03/strawberry-waffles.png]
[localhost/restaurant/wp-content/uploads/2021/03/garlic-bread.png]
[localhost/restaurant/wp-content/uploads/2021/03/cheese-fillings.png]
[localhost/restaurant/wp-content/uploads/2021/03/pizza.png]
[localhost/restaurant/menu/index.html]
[localhost/restaurant/wp-json/wp/v2/pages/6.json]
[localhost/restaurant/wp-json/oembed/1.0/embed7d35.json]
[localhost/restaurant/wp-json/oembed/1.0/embed83b6]
[localhost/restaurant/wp-content/uploads/2019/12/Serving-chef.jpg]
[localhost/restaurant/wp-content/uploads/2019/12/Red-wine-img.jpg]
[localhost/restaurant/wp-content/uploads/2018/09/pic34-free-img.jpg]
[localhost/restaurant/wp-content/uploads/2018/10/tripadvisorlogo1-free-img.png]
[localhost/restaurant/wp-content/uploads/2018/10/yelp-free-img.png]
[localhost/restaurant/wp-content/uploads/2018/10/google-reviews-free-img.png]
[localhost/restaurant/wp-content/uploads/2018/10/fb-free-imng.png]
[localhost/restaurant/wp-content/uploads/2018/10/tweet-free-img.png]
[localhost/restaurant/about-us/index.html]
[localhost/restaurant/wp-json/wp/v2/pages/761.json]
[localhost/restaurant/wp-json/oembed/1.0/embed7911.json]
[localhost/restaurant/wp-json/oembed/1.0/embed9a88]
[localhost/restaurant/wp-content/plugins/wpforms-lite/assets/lib/jquery.validate.min3c17.js]
[localhost/restaurant/wp-content/plugins/wpforms-lite/assets/lib/mailcheck.mincfa9.js]
[localhost/restaurant/wp-content/plugins/wpforms-lite/assets/lib/punycode.min8a54.js]
[localhost/restaurant/wp-content/plugins/wpforms-lite/assets/js/share/utils.mine4b2.js]
[localhost/restaurant/wp-content/plugins/wpforms-lite/assets/js/frontend/wpforms.mine4b2.js]
[localhost/restaurant/wp-content/plugins/wpforms-lite/assets/js/frontend/fields/address.mine4b2.js]
[localhost/restaurant/contact/index.html]
[localhost/restaurant/wp-content/plugins/elementor/assets/lib/eicons/fonts/eicons4518.svg]
[localhost/restaurant/wp-content/plugins/elementor/assets/lib/font-awesome/webfonts/fa-brands-400.svg]
[localhost/restaurant/wp-content/plugins/elementor/assets/lib/font-awesome/webfonts/fa-regular-400.svg]
[localhost/restaurant/wp-content/plugins/elementor/assets/lib/font-awesome/webfonts/fa-solid-900.svg]
[localhost/restaurant/wp-content/plugins/elementor/assets/lib/animations/styles/fadeIn.min94b7.css]
[localhost/restaurant/wp-content/uploads/2025/09/pexels-photo-5216394-5216394.jpg]
[localhost/restaurant/wp-content/uploads/2018/10/pic48-free-img.jpg]
[localhost/restaurant/wp-content/uploads/2019/12/Prepare-dish-img.jpg]
[localhost/restaurant/wp-content/uploads/2018/12/Pasta.jpg]
[localhost/restaurant/wp-content/uploads/elementor/css/post-7a35c.css]
[localhost/restaurant/indexc4f7.html]
[localhost/restaurant/wp-content/plugins/elementor/assets/css/widget-text-editor.min94b7.css]
[localhost/restaurant/wp-content/plugins/elementor/assets/css/widget-testimonial.min94b7.css]
[localhost/restaurant/wp-content/uploads/2019/12/About-us-banner.jpg]
[localhost/restaurant/wp-content/uploads/2018/10/chef01-free-img.jpg]
[localhost/restaurant/wp-content/uploads/2020/01/about-image-01.jpg]
[localhost/restaurant/wp-content/uploads/2020/01/about-image-02.jpg]
[localhost/restaurant/wp-content/uploads/2020/01/baker-1620504_1920.jpg]
[localhost/restaurant/wp-content/uploads/2020/02/chef05-free-img.jpg]
[localhost/restaurant/wp-content/uploads/elementor/css/post-683fd.css]
[localhost/restaurant/index42dc.html]
[localhost/restaurant/wp-content/plugins/elementor/assets/css/widget-google_maps.min94b7.css]
[localhost/restaurant/wp-content/uploads/2019/12/food-table-meet.jpg]
[localhost/restaurant/wp-content/uploads/elementor/css/post-761b4c5.css]
[localhost/restaurant/wp-content/plugins/wpforms-lite/assets/css/frontend/classic/wpforms-base.mine4b2.css]
[localhost/restaurant/index5e02.html]
[localhost/restaurant/wp-content/plugins/wpforms-lite/assets/pro/images/times-solid-white.html]
